Create Admin User 

venkata@dev-mongodb-poc1:~$ Create Admin User for Authentication  venkata@dev-mongodb-poc1:~$

venkata@dev-mongodb-poc1:~$ mongosh
Current Mongosh Log ID: 6746f62284895b14c4c1c18b
Connecting to:          mongodb://127.0.0.1:27017/?directConnection=true&serverSelectionTimeoutMS=2000&appNa
test> Switch to the admin Database
test> use admin
switched to db admin
admin>
admin> db.createUser({ user: "superAdmin", pwd: "xxxxxxxx", roles: [{ role: "root", db: "admin" }]})
{ ok: 1 }
admin> exit

venkata@dev-mongodb-poc1:~$

Manage Mongo Service 
venkata@dev-mongodb-poc1:~$ sudo systemctl restart mongod
venkata@dev-mongodb-poc1:~$ mongosh
Current Mongosh Log ID: 6746f6eb723a366acac1c18b
Connecting to:          mongodb://127.0.0.1:27017/?directConnection=true&serverSelectionTimeoutMS=2000&appName=mongosh+2.3.3
Using MongoDB:          8.0.3
Using Mongosh:          2.3.3
For mongosh info see: https://www.mongodb.com/docs/mongodb-shell/
test> show dbs
MongoServerError[Unauthorized]: Command listDatabases requires authentication
test>

Connect to Mongo using Authentication 
venkata@dev-mongodb-poc1:~$ mongosh -u superAdmin -p
Enter password: **********
Connecting to:          mongodb://<credentials>@127.0.0.1:27017/?directConnection=true&serverSelectionTimeoutMUsing MongoDB:          8.0.3
Using Mongosh:          2.3.3
For mongosh info see: https://www.mongodb.com/docs/mongodb-shell/
test> show dbs
admin   132.00 KiB
config   48.00 KiB
local    72.00 KiB
test> exit
venkata@dev-mongodb-poc1:~$
