
venkata@dev-mongodb-serv1:~$ ================= Un-Installing MongoDB ===================== 
venkata@dev-mongodb-serv1:~$
venkata@dev-mongodb-serv1:~$ systemctl status mongod
● mongod.service - MongoDB Database Server
     Loaded: loaded (/lib/systemd/system/mongod.service; enabled; vendor preset: enabled)
     Active: active (running) since Fri 2024-11-29 09:56:03 UTC; 3 days ago
       Docs: https://docs.mongodb.org/manual
   Main PID: 18615 (mongod)
     Memory: 447.5M
        CPU: 1h 43min 17.636s
     CGroup: /system.slice/mongod.service
             └─18615 /usr/bin/mongod --config /etc/mongod.conf
venkata@dev-mongodb-serv1:~$
venkata@dev-mongodb-serv1:~$ mongosh -u superAdmin -p
Enter password: **********
mongopoc_rs0 [direct: primary] test>
mongopoc_rs0 [direct: primary] test> rs.stepDown()
{
  ok: 1,
  '$clusterTime': {
    clusterTime: Timestamp({ t: 1733218910, i: 1 }),
    signature: {
      hash: Binary.createFromBase64('mxSmDZ4jj2U7SykJBi/u4dB1mWA=', 0),
      keyId: Long('7442265295525249031')
    }
  },
  operationTime: Timestamp({ t: 1733218910, i: 1 })
}
mongopoc_rs0 [direct: other] test>
mongopoc_rs0 [direct: secondary] test>
mongopoc_rs0 [direct: secondary] test> rs.status()
name: '192.168.61.135:27017',
      health: 1,
      state: 2,
      stateStr: 'SECONDARY',
mongopoc_rs0 [direct: secondary] test> exit
venkata@dev-mongodb-serv1:~$
venkata@dev-mongodb-serv1:~$
venkata@dev-mongodb-serv1:~$ systemctl status mongod
● mongod.service - MongoDB Database Server
     Loaded: loaded (/lib/systemd/system/mongod.service; enabled; vendor preset: enabled)
     Active: active (running) since Fri 2024-11-29 09:56:03 UTC; 3 days ago
       Docs: https://docs.mongodb.org/manual
   Main PID: 18615 (mongod)
     Memory: 447.5M
        CPU: 1h 43min 17.636s
     CGroup: /system.slice/mongod.service
             └─18615 /usr/bin/mongod --config /etc/mongod.conf
venkata@dev-mongodb-serv1:~$
venkata@dev-mongodb-serv1:~$ sudo systemctl stop mongod
[sudo] password for venkata:
venkata@dev-mongodb-serv1:~$ systemctl status mongod
○ mongod.service - MongoDB Database Server
     Loaded: loaded (/lib/systemd/system/mongod.service; enabled; vendor preset: enabled)
     Active: inactive (dead) since Tue 2024-12-03 09:43:22 UTC; 2s ago
       Docs: https://docs.mongodb.org/manual
    Process: 18615 ExecStart=/usr/bin/mongod --config /etc/mongod.conf (code=exited, status=0/SUCCESS)
   Main PID: 18615 (code=exited, status=0/SUCCESS)
        CPU: 1h 43min 18.318s
venkata@dev-mongodb-serv1:~$
venkata@dev-mongodb-serv1:~$ sudo apt-get purge mongodb-org*
Reading package lists... Done
Building dependency tree... Done
Reading state information... Done
Note, selecting 'mongodb-org-database-tools-extra' for glob 'mongodb-org*'
Note, selecting 'mongodb-org-unstable-server' for glob 'mongodb-org*'
Note, selecting 'mongodb-org-shell' for glob 'mongodb-org*'
Note, selecting 'mongodb-org-database' for glob 'mongodb-org*'
Note, selecting 'mongodb-org-unstable' for glob 'mongodb-org*'
Note, selecting 'mongodb-org-unstable-mongos' for glob 'mongodb-org*'
Note, selecting 'mongodb-org-unstable-shell' for glob 'mongodb-org*'
Note, selecting 'mongodb-org-unstable-database-tools-extra' for glob 'mongodb-org*'
Note, selecting 'mongodb-org-server' for glob 'mongodb-org*'
Note, selecting 'mongodb-org' for glob 'mongodb-org*'
Note, selecting 'mongodb-org-tools' for glob 'mongodb-org*'
Note, selecting 'mongodb-org-mongos' for glob 'mongodb-org*'
Note, selecting 'mongodb-org-unstable-tools' for glob 'mongodb-org*'
Note, selecting 'mongodb-org-tools-unstable' for glob 'mongodb-org*'
Package 'mongodb-org-unstable' is not installed, so not removed
Package 'mongodb-org-unstable-database-tools-extra' is not installed, so not removed
Package 'mongodb-org-unstable-mongos' is not installed, so not removed
Package 'mongodb-org-unstable-server' is not installed, so not removed
Package 'mongodb-org-unstable-shell' is not installed, so not removed
Package 'mongodb-org-unstable-tools' is not installed, so not removed
Package 'mongodb-org-tools-unstable' is not installed, so not removed
The following packages were automatically installed and are no longer required:
  mongodb-database-tools mongodb-mongosh
Use 'sudo apt autoremove' to remove them.
The following packages will be REMOVED:
  mongodb-org* mongodb-org-database* mongodb-org-database-tools-extra* mongodb-org-mongos* mongodb-org-server* mongodb-org-shell* mongodb-org-tools*
0 upgraded, 0 newly installed, 7 to remove and 2 not upgraded.
After this operation, 385 MB disk space will be freed.
Do you want to continue? [Y/n] Y
(Reading database ... 81922 files and directories currently installed.)
Removing mongodb-org (8.0.3) ...
Removing mongodb-org-database (8.0.3) ...
Removing mongodb-org-tools (8.0.3) ...
Removing mongodb-org-database-tools-extra (8.0.3) ...
Removing mongodb-org-mongos (8.0.3) ...
Removing mongodb-org-server (8.0.3) ...
Removing mongodb-org-shell (8.0.3) ...
Processing triggers for man-db (2.10.2-1) ...
(Reading database ... 81887 files and directories currently installed.)
Purging configuration files for mongodb-org-database (8.0.3) ...
Purging configuration files for mongodb-org-server (8.0.3) ...
venkata@dev-mongodb-serv1:~$
venkata@dev-mongodb-serv1:~$ sudo rm -rf /mongo/data/*
venkata@dev-mongodb-serv1:~$ sudo rm -rf /mongo/logs/*
venkata@dev-mongodb-serv1:~$
venkata@dev-mongodb-serv1:~$ sudo deluser --remove-home mongodb
Looking for files to backup/remove ...
Not backing up/removing `/mongo/logs', it is a mount point.
Not backing up/removing `/mongo/data', it is a mount point.
Removing files ...
Removing user `mongodb' ...
Warning: group `mongodb' has no more members.
Done.
venkata@dev-mongodb-serv1:~$ sudo rm /etc/apt/sources.list.d/mongodb-org-*.list
venkata@dev-mongodb-serv1:~$ sudo apt-get update
Get:1 http://security.ubuntu.com/ubuntu jammy-security InRelease [129 kB]
Hit:2 http://in.archive.ubuntu.com/ubuntu jammy InRelease
Get:3 http://in.archive.ubuntu.com/ubuntu jammy-updates InRelease [128 kB]
Get:4 http://in.archive.ubuntu.com/ubuntu jammy-backports InRelease [127 kB]
Fetched 384 kB in 2s (191 kB/s)
Reading package lists... Done
venkata@dev-mongodb-serv1:~$ sudo rm /etc/apt/trusted.gpg.d/mongodb.asc
venkata@dev-mongodb-serv1:~$ sudo rm /usr/share/keyrings/mongodb-server-8.0.gpg
venkata@dev-mongodb-serv1:~$
venkata@dev-mongodb-serv1:~$
venkata@dev-mongodb-serv1:~$ ============Re Install with new instllation Folder =============^C
venkata@dev-mongodb-serv1:~$ sudo mkdir /mongo/bin
venkata@dev-mongodb-serv1:~$ sudo mkdir /mongo/home
venkata@dev-mongodb-serv1:~$ cd /mongo/
venkata@dev-mongodb-serv1:/mongo$ ls
bin  data  home  logs
venkata@dev-mongodb-serv1:/mongo$ sudo apt update
Hit:1 http://in.archive.ubuntu.com/ubuntu jammy InRelease
Hit:2 http://security.ubuntu.com/ubuntu jammy-security InRelease
Hit:3 http://in.archive.ubuntu.com/ubuntu jammy-updates InRelease
Hit:4 http://in.archive.ubuntu.com/ubuntu jammy-backports InRelease
Reading package lists... Done
Building dependency tree... Done
Reading state information... Done
1 package can be upgraded. Run 'apt list --upgradable' to see it.
venkata@dev-mongodb-serv1:/mongo$
venkata@dev-mongodb-serv1:/mongo$ sudo apt-get install -y gnupg curl
Reading package lists... Done
Building dependency tree... Done
Reading state information... Done
curl is already the newest version (7.81.0-1ubuntu1.19).
curl set to manually installed.
gnupg is already the newest version (2.2.27-3ubuntu2.1).
gnupg set to manually installed.
The following packages were automatically installed and are no longer required:
  mongodb-database-tools mongodb-mongosh
Use 'sudo apt autoremove' to remove them.
0 upgraded, 0 newly installed, 0 to remove and 1 not upgraded.
venkata@dev-mongodb-serv1:/mongo$
venkata@dev-mongodb-serv1:/mongo$ sudo curl -fsSL https://www.mongodb.org/static/pgp/server-8.0.asc | sudo gpg --dearmor -o /usr/share/keyrings/mongodb-server-8.0.gpg
venkata@dev-mongodb-serv1:/mongo$
venkata@dev-mongodb-serv1:/mongo$ sudo echo "deb [ arch=amd64,arm64 signed-by=/usr/share/keyrings/mongodb-server-8.0.gpg ] https://repo.mongodb.org/apt/ubuntu jammy/mongodb-org/8.0 multiverse" | sudo tee /etc/apt/sources.list.d/mongodb-org-8.0.list
deb [ arch=amd64,arm64 signed-by=/usr/share/keyrings/mongodb-server-8.0.gpg ] https://repo.mongodb.org/apt/ubuntu jammy/mongodb-org/8.0 multiverse
venkata@dev-mongodb-serv1:/mongo$
venkata@dev-mongodb-serv1:/mongo$ sudo apt-get update
Hit:1 http://in.archive.ubuntu.com/ubuntu jammy InRelease
Hit:2 http://security.ubuntu.com/ubuntu jammy-security InRelease
Hit:3 http://in.archive.ubuntu.com/ubuntu jammy-updates InRelease
Get:4 https://repo.mongodb.org/apt/ubuntu jammy/mongodb-org/8.0 InRelease [3,005 B]
Hit:5 http://in.archive.ubuntu.com/ubuntu jammy-backports InRelease
Get:6 https://repo.mongodb.org/apt/ubuntu jammy/mongodb-org/8.0/multiverse arm64 Packages [14.4 kB]
Get:7 https://repo.mongodb.org/apt/ubuntu jammy/mongodb-org/8.0/multiverse amd64 Packages [14.7 kB]
Fetched 32.1 kB in 2s (18.8 kB/s)
Reading package lists... Done
venkata@dev-mongodb-serv1:/mongo$
venkata@dev-mongodb-serv1:/mongo$ sudo apt-get install -y mongodb-org
Reading package lists... Done
Building dependency tree... Done
Reading state information... Done
The following additional packages will be installed:
  mongodb-org-database mongodb-org-database-tools-extra mongodb-org-mongos mongodb-org-server mongodb-org-shell mongodb-org-tools
The following NEW packages will be installed:
  mongodb-org mongodb-org-database mongodb-org-database-tools-extra mongodb-org-mongos mongodb-org-server mongodb-org-shell mongodb-org-tools
0 upgraded, 7 newly installed, 0 to remove and 2 not upgraded.
Need to get 0 B/72.4 MB of archives.
After this operation, 385 MB of additional disk space will be used.
Selecting previously unselected package mongodb-org-shell.
(Reading database ... 81886 files and directories currently installed.)
Preparing to unpack .../0-mongodb-org-shell_8.0.3_amd64.deb ...
Unpacking mongodb-org-shell (8.0.3) ...
Selecting previously unselected package mongodb-org-server.
Preparing to unpack .../1-mongodb-org-server_8.0.3_amd64.deb ...
Unpacking mongodb-org-server (8.0.3) ...
Selecting previously unselected package mongodb-org-mongos.
Preparing to unpack .../2-mongodb-org-mongos_8.0.3_amd64.deb ...
Unpacking mongodb-org-mongos (8.0.3) ...
Selecting previously unselected package mongodb-org-database-tools-extra.
Preparing to unpack .../3-mongodb-org-database-tools-extra_8.0.3_amd64.deb ...
Unpacking mongodb-org-database-tools-extra (8.0.3) ...
Selecting previously unselected package mongodb-org-database.
Preparing to unpack .../4-mongodb-org-database_8.0.3_amd64.deb ...
Unpacking mongodb-org-database (8.0.3) ...
Selecting previously unselected package mongodb-org-tools.
Preparing to unpack .../5-mongodb-org-tools_8.0.3_amd64.deb ...
Unpacking mongodb-org-tools (8.0.3) ...
Selecting previously unselected package mongodb-org.
Preparing to unpack .../6-mongodb-org_8.0.3_amd64.deb ...
Unpacking mongodb-org (8.0.3) ...
Setting up mongodb-org-server (8.0.3) ...
Adding system user `mongodb' (UID 116) ...
Adding new user `mongodb' (UID 116) with group `nogroup' ...
Not creating home directory `/home/mongodb'.
Adding group `mongodb' (GID 120) ...
Done.
Adding user `mongodb' to group `mongodb' ...
Adding user mongodb to group mongodb
Done.
Setting up mongodb-org-shell (8.0.3) ...
Setting up mongodb-org-mongos (8.0.3) ...
Setting up mongodb-org-database-tools-extra (8.0.3) ...
Setting up mongodb-org-database (8.0.3) ...
Setting up mongodb-org-tools (8.0.3) ...
Setting up mongodb-org (8.0.3) ...
Processing triggers for man-db (2.10.2-1) ...
Scanning processes...
Scanning linux images...
Running kernel seems to be up-to-date.
No services need to be restarted.
No containers need to be restarted.
No user sessions are running outdated binaries.
No VM guests are running outdated hypervisor (qemu) binaries on this host.
venkata@dev-mongodb-serv1:/mongo$
venkata@dev-mongodb-serv1:/mongo$ sudo groupadd mongodb
groupadd: group 'mongodb' already exists
venkata@dev-mongodb-serv1:/mongo$ sudo useradd -r -g mongodb -d /mongo/home -s /usr/sbin/nologin mongodb
useradd: user 'mongodb' already exists
venkata@dev-mongodb-serv1:/mongo$ sudo chown -R mongodb:mongodb /mongo/home
venkata@dev-mongodb-serv1:/mongo$ sudo mv /usr/bin/mongod /mongo/bin/
venkata@dev-mongodb-serv1:/mongo$ sudo mv /usr/bin/mongos /mongo/bin/
venkata@dev-mongodb-serv1:/mongo$ sudo mv /usr/bin/mongo* /mongo/bin/
venkata@dev-mongodb-serv1:/mongo$
venkata@dev-mongodb-serv1:/mongo$ mv /tmp/mongo-keyfile /mongo/
venkata@dev-mongodb-serv1:/mongo$ sudo chown -R mongodb.mongodb mongo-keyfile
venkata@dev-mongodb-serv1:/mongo$ sudo vi /mongo/mongod.conf
venkata@dev-mongodb-serv1:/mongo$ sudo chown mongodb:mongodb /mongo/mongod.conf
venkata@dev-mongodb-serv1:/mongo$ sudo chmod 600 /mongo/mongod.conf
venkata@dev-mongodb-serv1:/mongo$ sudo chown -R mongodb:mongodb /mongo/data
venkata@dev-mongodb-serv1:/mongo$ sudo chown -R mongodb:mongodb /mongo/logs
venkata@dev-mongodb-serv1:/mongo$
venkata@dev-mongodb-serv1:/mongo$ which mongod
venkata@dev-mongodb-serv1:/mongo$ echo 'export PATH=/mongo/bin:$PATH' | sudo tee -a /etc/profile
export PATH=/mongo/bin:$PATH
venkata@dev-mongodb-serv1:/mongo$ source /etc/profile
venkata@dev-mongodb-serv1:/mongo$ echo $PATH
/mongo/bin:/usr/local/sbin:/usr/local/bin:/usr/sbin:/usr/bin:/sbin:/bin:/usr/games:/usr/local/games:/snap/bin
venkata@dev-mongodb-serv1:/mongo$ which mongod
/mongo/bin/mongod
venkata@dev-mongodb-serv1:/mongo$ sudo vi /lib/systemd/system/mongod.service
venkata@dev-mongodb-serv1:/mongo$ sudo cat /lib/systemd/system/mongod.service | greo ExecStart
Command 'greo' not found, did you mean:
  command 'grex' from snap grex (v1.4.5)
  command 'geo' from deb rheolef (7.1-7build1)
  command 'grep' from deb grep (3.7-1build1)
See 'snap info <snapname>' for additional versions.
venkata@dev-mongodb-serv1:/mongo$ sudo cat /lib/systemd/system/mongod.service | grep ExecStart
ExecStart=/mongo/bin/mongod --config /mongo/mongod.conf
venkata@dev-mongodb-serv1:/mongo$
venkata@dev-mongodb-serv1:/mongo$ sudo systemctl daemon-reload
venkata@dev-mongodb-serv1:/mongo$ sudo systemctl start mongod
venkata@dev-mongodb-serv1:/mongo$ sudo systemctl enable mongod
venkata@dev-mongodb-serv1:/mongo$ sudo systemctl status mongod
● mongod.service - MongoDB Database Server
     Loaded: loaded (/lib/systemd/system/mongod.service; enabled; vendor preset: enabled)
     Active: active (running) since Tue 2024-12-03 10:06:28 UTC; 3s ago
       Docs: https://docs.mongodb.org/manual
   Main PID: 50410 (mongod)
     Memory: 96.7M
        CPU: 1.118s
     CGroup: /system.slice/mongod.service
             └─50410 /mongo/bin/mongod --config /mongo/mongod.conf

Dec 03 10:06:28 dev-mongodb-poc1 systemd[1]: Started MongoDB Database Server.
Dec 03 10:06:29 dev-mongodb-poc1 mongod[50410]: {"t":{"$date":"2024-12-03T10:06:29.026Z"},"s":"I",  "c":"CONTROL",  "id":7484500, "ctx":"main","msg":"Environ>
lines 1-12/12 (END)
venkata@dev-mongodb-serv1:/mongo$ 
venkata@dev-mongodb-serv1:/mongo$ mongosh -u superAdmin -p
Enter password: **********
Current Mongosh Log ID: 674ed9a6f0a339259cc1c18b
Connecting to:          mongodb://<credentials>@127.0.0.1:27017/?directConnection=true&serverSelectionTimeoutMS=2000&appName=mongosh+2.3.3
Using MongoDB:          8.0.3
Using Mongosh:          2.3.3
mongosh 2.3.4 is available for download: https://www.mongodb.com/try/download/shell

For mongosh info see: https://www.mongodb.com/docs/mongodb-shell/

------
   The server generated these startup warnings when booting
   2024-12-03T10:06:29.841+00:00: For customers running the current memory allocator, we suggest changing the contents of the following sysfsFile
   2024-12-03T10:06:29.841+00:00: For customers running the current memory allocator, we suggest changing the contents of the following sysfsFile
   2024-12-03T10:06:29.841+00:00: We suggest setting the contents of sysfsFile to 0.
   2024-12-03T10:06:29.841+00:00: vm.max_map_count is too low
   2024-12-03T10:06:29.841+00:00: We suggest setting swappiness to 0 or 1, as swapping can cause performance problems.
------

mongopoc_rs0 [direct: secondary] test>

mongopoc_rs0 [direct: secondary] test>

mongopoc_rs0 [direct: secondary] test> show dbs
admin     200.00 KiB
config    216.00 KiB
local     372.00 KiB
mongopoc    8.65 MiB
mongopoc_rs0 [direct: secondary] test>

mongopoc_rs0 [direct: secondary] test> use mongopoc
switched to db mongopoc
mongopoc_rs0 [direct: secondary] mongopoc> show collections
pocload
testpoc
mongopoc_rs0 [direct: secondary] mongopoc> db.pocload.countDocuments()
110000
mongopoc_rs0 [direct: secondary] mongopoc>

